../Core/Src/can.c:34:6:MX_CAN1_Init	8	static
../Core/Src/can.c:66:6:MX_CAN2_Init	8	static
../Core/Src/can.c:100:6:HAL_CAN_MspInit	48	static
../Core/Src/can.c:161:6:HAL_CAN_MspDeInit	0	static
../Core/Src/can.c:210:6:can_filter_enable	48	static
../Core/Src/can.c:228:6:can_filter_disable	48	static
../Core/Src/can.c:246:6:can_init	48	static
../Core/Src/can.c:289:6:HAL_CAN_RxFifo0MsgPendingCallback	56	static
../Core/Src/can.c:305:6:can_transmit	64	static
../Core/Src/can.c:330:6:can_ctrl_loop	24	static
../Core/Src/can.c:351:12:get_motor_feedback	0	static
../Core/Src/can.c:353:6:set_motor_current	0	static
../Core/Src/can.c:362:6:set_motor_speed	48	static
../Core/Src/can.c:381:6:test_pid	96	static
