../Core/Src/can.c:38:6:MX_CAN1_Init	8	static
../Core/Src/can.c:70:6:MX_CAN2_Init	8	static
../Core/Src/can.c:104:6:HAL_CAN_MspInit	48	static
../Core/Src/can.c:165:6:HAL_CAN_MspDeInit	0	static
../Core/Src/can.c:214:6:can_filter_enable	48	static
../Core/Src/can.c:232:6:can_filter_disable	48	static
../Core/Src/can.c:250:6:can_init	104	static
../Core/Src/can.c:286:6:can_stop	8	static
../Core/Src/can.c:312:6:HAL_CAN_RxFifo0MsgPendingCallback	56	static
../Core/Src/can.c:329:6:HAL_CAN_RxFifo1MsgPendingCallback	56	static
../Core/Src/can.c:346:6:can_transmit	64	static
../Core/Src/can.c:388:6:can_ctrl_loop	24	static
../Core/Src/can.c:409:12:get_motor_feedback	0	static
../Core/Src/can.c:411:6:set_motor_current	0	static
../Core/Src/can.c:420:6:set_motor_speed	48	static
../Core/Src/can.c:439:6:test_pid	104	static
