../Core/Src/lcd_graphics.c:24:6:writeLine	48	static
../Core/Src/lcd_graphics.c:63:6:drawFastVLine	16	static
../Core/Src/lcd_graphics.c:66:6:drawFastHLine	16	static
../Core/Src/lcd_graphics.c:70:6:drawLine	16	static
../Core/Src/lcd_graphics.c:84:6:drawCircle	56	static
../Core/Src/lcd_graphics.c:117:6:drawCircleHelper	56	static
../Core/Src/lcd_graphics.c:153:6:fillCircleHelper	64	static
../Core/Src/lcd_graphics.c:194:6:fillCircle	32	static
../Core/Src/lcd_graphics.c:199:6:drawRect	32	static
../Core/Src/lcd_graphics.c:206:6:drawRoundRect	64	static
../Core/Src/lcd_graphics.c:223:6:fillRoundRect	56	static
../Core/Src/lcd_graphics.c:235:6:drawTriangle	40	static
../Core/Src/lcd_graphics.c:242:6:fillTriangle	80	static
../Core/Src/lcd_graphics.c:327:6:testLines	24	static
../Core/Src/lcd_graphics.c:375:6:testFastLines	24	static
../Core/Src/lcd_graphics.c:385:6:testRects	24	static
../Core/Src/lcd_graphics.c:397:6:testFilledRects	40	static
../Core/Src/lcd_graphics.c:411:6:testFilledCircles	40	static
../Core/Src/lcd_graphics.c:423:6:testCircles	40	static
../Core/Src/lcd_graphics.c:436:6:testTriangles	32	static
../Core/Src/lcd_graphics.c:450:6:testFilledTriangles	56	static
../Core/Src/lcd_graphics.c:462:6:testRoundRects	16	static
../Core/Src/lcd_graphics.c:477:6:testFilledRoundRects	16	static
../Core/Src/lcd_graphics.c:490:6:testFillScreen	16	static
../Core/Src/lcd_graphics.c:498:6:testAll	8	static
