../Core/Src/main.c:113:6:right_wheel	16	static
../Core/Src/main.c:117:6:left_wheel	16	static
../Core/Src/main.c:120:5:begin	16	static
../Core/Src/main.c:158:5:leftTouch	16	static
../Core/Src/main.c:179:5:pushAhead	16	static
../Core/Src/main.c:199:5:pushAhead2	16	static
../Core/Src/main.c:219:5:release	16	static
../Core/Src/main.c:241:5:FirstPart	16	static
../Core/Src/main.c:290:5:box1	16	static
../Core/Src/main.c:308:6:box2	24	static
../Core/Src/main.c:362:5:goright	8	static
../Core/Src/main.c:397:5:slightright	16	static
../Core/Src/main.c:417:5:slightfront	16	static
../Core/Src/main.c:440:6:calculations	0	static
../Core/Src/main.c:1208:6:SystemClock_Config	88	static,ignoring_inline_asm
../Core/Src/main.c:459:5:main	32	static
../Core/Src/main.c:1257:6:Error_Handler	0	static,ignoring_inline_asm
