../Core/Src/main.c:87:6:right_wheel	16	static
../Core/Src/main.c:91:6:left_wheel	16	static
../Core/Src/main.c:94:5:begin	16	static
../Core/Src/main.c:132:5:leftTouch	16	static
../Core/Src/main.c:153:5:pushAhead	16	static
../Core/Src/main.c:173:5:pushAhead2	16	static
../Core/Src/main.c:193:6:release	8	static
../Core/Src/main.c:207:5:FirstPart	8	static
../Core/Src/main.c:246:6:box1	16	static
../Core/Src/main.c:260:6:location	0	static
../Core/Src/main.c:530:6:SystemClock_Config	88	static,ignoring_inline_asm
../Core/Src/main.c:275:5:main	48	static
../Core/Src/main.c:579:6:Error_Handler	0	static,ignoring_inline_asm
