../Core/Src/lcd_graphics.c:24:6:writeLine	56	static
../Core/Src/lcd_graphics.c:63:6:drawFastVLine	32	static
../Core/Src/lcd_graphics.c:66:6:drawFastHLine	32	static
../Core/Src/lcd_graphics.c:70:6:drawLine	40	static
../Core/Src/lcd_graphics.c:84:6:drawCircle	112	static
../Core/Src/lcd_graphics.c:117:6:drawCircleHelper	88	static
../Core/Src/lcd_graphics.c:153:6:fillCircleHelper	40	static
../Core/Src/lcd_graphics.c:194:6:fillCircle	32	static
../Core/Src/lcd_graphics.c:199:6:drawRect	24	static
../Core/Src/lcd_graphics.c:206:6:drawRoundRect	40	static
../Core/Src/lcd_graphics.c:223:6:fillRoundRect	48	static
../Core/Src/lcd_graphics.c:235:6:drawTriangle	32	static
../Core/Src/lcd_graphics.c:242:6:fillTriangle	72	static
../Core/Src/lcd_graphics.c:327:6:testLines	104	static
../Core/Src/lcd_graphics.c:375:6:testFastLines	64	static
../Core/Src/lcd_graphics.c:385:6:testRects	64	static
../Core/Src/lcd_graphics.c:397:6:testFilledRects	80	static
../Core/Src/lcd_graphics.c:411:6:testFilledCircles	64	static
../Core/Src/lcd_graphics.c:423:6:testCircles	40	static
../Core/Src/lcd_graphics.c:436:6:testTriangles	72	static
../Core/Src/lcd_graphics.c:450:6:testFilledTriangles	64	static
../Core/Src/lcd_graphics.c:462:6:testRoundRects	64	static
../Core/Src/lcd_graphics.c:477:6:testFilledRoundRects	64	static
../Core/Src/lcd_graphics.c:490:6:testFillScreen	88	static
../Core/Src/lcd_graphics.c:498:6:testAll	8	static
