../Core/Inc/lcd/lcd.h:143:20:tft_char_is_changed	24	static
../Core/Inc/lcd/strhelper.h:24:21:itos	40	static
../Core/Inc/lcd/strhelper.h:51:21:ltos	64	static
../Core/Inc/lcd/strhelper.h:78:21:utos	40	static
../Core/Inc/lcd/strhelper.h:133:21:utos0	56	static
../Core/Inc/lcd/strhelper.h:165:21:ftos	40	static
../Core/Inc/lcd/strhelper.h:244:12:prints	56	static
../Core/Inc/lcd/strhelper.h:280:12:printi	72	static
../Core/Inc/lcd/strhelper.h:322:12:printf_	72	static
../Core/Inc/lcd/strhelper.h:338:12:print	72	static
../Core/Src/lcd.c:61:20:write_command	16	static
../Core/Src/lcd.c:70:20:write_data	16	static
../Core/Src/lcd.c:73:20:write_many	16	static
../Core/Src/lcd.c:77:20:write_many_dma	16	static
../Core/Src/lcd.c:81:20:write_byte	16	static
../Core/Src/lcd.c:85:20:write_2hword	24	static
../Core/Src/lcd.c:95:20:tft_clear	16	static
../Core/Src/lcd.c:107:20:tft_clear_full	16	static
../Core/Src/lcd.c:118:20:tft_set_region	32	static
../Core/Src/lcd.c:144:6:tft_init	32	static
../Core/Src/lcd.c:225:6:tft_set_bg_color	16	static
../Core/Src/lcd.c:234:6:tft_set_highlight_color	16	static
../Core/Src/lcd.c:243:6:tft_set_text_color	16	static
../Core/Src/lcd.c:252:6:tft_set_special_color	16	static
../Core/Src/lcd.c:259:6:tft_force_clear	16	static
../Core/Src/lcd.c:276:6:tft_print_colored	24	static
../Core/Src/lcd.c:329:6:tft_printc	24	static
../Core/Src/lcd.c:341:6:tft_prints	64	static
../Core/Src/lcd.c:358:6:tft_printi	32	static
../Core/Src/lcd.c:373:6:tft_printl	40	static
../Core/Src/lcd.c:388:6:tft_printu	32	static
../Core/Src/lcd.c:404:6:tft_printf	64	static
../Core/Src/lcd.c:436:6:tft_print_rectangle_dma	56	static
../Core/Src/lcd.c:458:6:tft_print_rectangle	64	static
../Core/Src/lcd.c:491:6:tft_print_pixel	32	static
../Core/Src/lcd.c:510:6:tft_print_image	24	static
../Core/Src/lcd.c:519:6:tft_print_image565	41016	static
../Core/Src/lcd.c:536:9:tft_update	64	static
../Core/Src/lcd.c:588:9:tft_update2	56	static
