../Core/Src/can.c:37:6:MX_CAN1_Init	8	static
../Core/Src/can.c:65:6:MX_CAN2_Init	8	static
../Core/Src/can.c:95:6:HAL_CAN_MspInit	48	static
../Core/Src/can.c:151:6:HAL_CAN_MspDeInit	0	static
../Core/Src/can.c:195:6:can_filter_enable	48	static
../Core/Src/can.c:213:6:can_filter_disable	48	static
../Core/Src/can.c:231:6:can_init	48	static
../Core/Src/can.c:274:6:HAL_CAN_RxFifo0MsgPendingCallback	56	static
../Core/Src/can.c:290:6:can_transmit	64	static
../Core/Src/can.c:315:6:can_ctrl_loop	24	static
../Core/Src/can.c:336:12:get_motor_feedback	0	static
../Core/Src/can.c:338:6:set_motor_current	0	static
../Core/Src/can.c:347:6:set_motor_speed	56	static
../Core/Src/can.c:366:6:set_motor_angle	56	static
../Core/Src/can.c:388:6:test_pid	120	static
